OK
OK
OK
C c1 1 1 1
C c2 2 2 2
R r1 1 1 2 2
OK
C c1 1 1 1
C c2 2 2 2
OK
C c1 1 1 1
C c2 2 2 2
R r1 1 1 2 2