OK
OK
OK
OA agregat cercle cercle1 
C cercle 1 1 2
C cercle1 2 2 3
OK
OA agregat cercle cercle1 
C cercle 11 11 2
C cercle1 12 12 3
