OK
OK
OK
OA agregat1 c1 l1 
C c1 1 1 1
L l1 2 2 1 1
OK
