OK
OK
OA agregat1 ligne1 
L ligne1 1 1 2 2
OK
OA agregat1 ligne1 
OA agregat2 agregat1 ligne1 
L ligne1 1 1 2 2
OK
OA agregat1 ligne1 
OA agregat2 agregat1 ligne1 
L ligne1 11 11 12 12

